2026-01-25 20:38:55,564 [ 1] INFO  Unity: LoadingManager start
2026-01-25 20:38:58,832 [ 1] INFO  Unity: DataManager > DataManager()
2026-01-25 20:39:05,638 [ 1] INFO  Unity: UserLoginRequest::user :Test09 psw:123
2026-01-25 20:39:05,639 [ 1] INFO  Unity: ConnectToServer() Start 
2026-01-25 20:39:05,642 [ 1] INFO  Unity: DoConnect
2026-01-25 20:39:05,643 [ 1] INFO  Unity: NetClient.DoConnect on 127.0.0.1:8000
2026-01-25 20:39:05,646 [ 1] INFO  Unity: Connect[0] to server 127.0.0.1:8000

2026-01-25 20:39:05,648 [ 1] INFO  Unity: LoadingMesager::OnGameServerConnect :0 reason:Success
2026-01-25 20:39:05,715 [ 1] INFO  Unity: OnLogin:Success [None]
2026-01-25 20:39:05,718 [ 1] INFO  Unity: LoadLevel: CharSelect
2026-01-25 20:39:05,798 [ 1] INFO  Unity: LevelLoadCompleted:1
2026-01-25 20:39:05,808 [ 1] INFO  Unity: SetPosition:(-899, 718, 0)
2026-01-25 20:39:07,493 [ 1] INFO  Unity: Select Char:[2]是是哈[Archer], idx = 1
2026-01-25 20:39:07,499 [ 1] INFO  Unity: SetPosition:(-899, 718, 0)
2026-01-25 20:39:08,303 [ 1] INFO  Unity: UserGameEnterRequest::characterId :1
2026-01-25 20:39:08,332 [ 1] INFO  Unity: OnGameEnter:Success [None]
2026-01-25 20:39:08,333 [ 1] INFO  Unity: OnMapCharacterEnter:Map:1 Count:2
2026-01-25 20:39:08,334 [ 1] INFO  Unity: AddCharacter:2:是是哈 Map:1 Entity:(0:pos:(5000,4000,820),dir:(100,0,0),spd:0
2026-01-25 20:39:08,335 [ 1] INFO  Unity: AddCharacter:13:111 Map:1 Entity:(0:pos:(5000,4000,820),dir:(100,0,0),spd:0
2026-01-25 20:39:08,336 [ 1] INFO  Unity: LoadLevel: MainCity
2026-01-25 20:39:08,337 [ 1] INFO  Unity: OnMapCharacterEnter:1
2026-01-25 20:39:08,338 [ 1] INFO  Unity: LoadLevel: MainCity
2026-01-25 20:39:08,642 [ 1] INFO  Unity: LevelLoadCompleted:1
2026-01-25 20:39:08,859 [ 1] INFO  Unity: Character_13_111 OnDestroy :ID:0 POS:(5000, 4000, 820) DIR:(100, 0, 0) SPD:0 
2026-01-25 20:39:08,860 [ 1] INFO  Unity: Character_2_是是哈 OnDestroy :ID:0 POS:(5000, 4000, 820) DIR:(100, 0, 0) SPD:0 
2026-01-25 20:39:08,921 [ 1] INFO  Unity: LevelLoadCompleted:1
2026-01-25 20:39:09,593 [ 1] INFO  Unity: SetDirection:(98, -19, 0)
2026-01-25 20:39:09,690 [ 1] INFO  Unity: SetDirection:(93, -37, 0)
2026-01-25 20:39:09,778 [ 1] INFO  Unity: SetDirection:(85, -53, 0)
2026-01-25 20:39:09,880 [ 1] INFO  Unity: SetDirection:(72, -69, 0)
2026-01-25 20:39:09,983 [ 1] INFO  Unity: SetDirection:(56, -83, 0)
2026-01-25 20:39:10,084 [ 1] INFO  Unity: MoveForward
2026-01-25 20:39:10,085 [ 1] INFO  Unity: SetDirection:(39, -92, 0)
2026-01-25 20:39:10,216 [ 1] INFO  Unity: SetDirection:(21, -98, 0)
2026-01-25 20:39:11,803 [ 1] INFO  Unity: SetDirection:(2, -100, 0)
2026-01-25 20:39:11,915 [ 1] INFO  Unity: SetDirection:(-16, -99, 0)
2026-01-25 20:39:12,000 [ 1] INFO  Unity: SetDirection:(-33, -94, 0)
2026-01-25 20:39:12,101 [ 1] INFO  Unity: SetDirection:(-52, -85, 0)
2026-01-25 20:39:12,199 [ 1] INFO  Unity: SetDirection:(-69, -73, 0)
2026-01-25 20:39:12,302 [ 1] INFO  Unity: SetDirection:(-82, -57, 0)
2026-01-25 20:39:12,400 [ 1] INFO  Unity: SetDirection:(-91, -42, 0)
2026-01-25 20:39:13,755 [ 1] INFO  Unity: Stop
2026-01-25 20:39:13,756 [ 1] INFO  Unity: SetPosition:(4679, 3171, 810)
2026-01-25 20:39:14,355 [ 1] INFO  Unity: MoveForward
2026-01-25 20:39:15,652 [ 1] INFO  Unity: SetDirection:(-97, -25, 0)
2026-01-25 20:39:15,840 [ 1] INFO  Unity: SetDirection:(-100, -5, 0)
2026-01-25 20:39:15,943 [ 1] INFO  Unity: SetDirection:(-99, 15, 0)
2026-01-25 20:39:16,041 [ 1] INFO  Unity: SetDirection:(-94, 35, 0)
2026-01-25 20:39:16,145 [ 1] INFO  Unity: SetDirection:(-85, 53, 0)
2026-01-25 20:39:16,262 [ 1] INFO  Unity: SetDirection:(-74, 68, 0)
2026-01-25 20:39:16,922 [ 1] INFO  Unity: SetDirection:(-84, 54, 0)
2026-01-25 20:39:17,035 [ 1] INFO  Unity: SetDirection:(-93, 36, 0)
2026-01-25 20:39:17,158 [ 1] INFO  Unity: SetDirection:(-98, 19, 0)
2026-01-25 20:39:17,981 [ 1] INFO  Unity: SetPosition:(3697, 3237, 810)
2026-01-25 20:39:18,495 [ 1] INFO  Unity: SetDirection:(-100, 1, 0)
2026-01-25 20:39:18,615 [ 1] INFO  Unity: SetDirection:(-98, -18, 0)
2026-01-25 20:39:18,708 [ 1] INFO  Unity: SetDirection:(-93, -38, 0)
2026-01-25 20:39:18,793 [ 1] INFO  Unity: SetDirection:(-85, -53, 0)
2026-01-25 20:39:18,881 [ 1] INFO  Unity: SetDirection:(-74, -67, 0)
2026-01-25 20:39:18,966 [ 1] INFO  Unity: SetDirection:(-61, -79, 0)
2026-01-25 20:39:19,061 [ 1] INFO  Unity: SetDirection:(-43, -90, 0)
2026-01-25 20:39:19,161 [ 1] INFO  Unity: SetDirection:(-24, -97, 0)
2026-01-25 20:39:19,247 [ 1] INFO  Unity: SetDirection:(-7, -100, 0)
2026-01-25 20:39:19,346 [ 1] INFO  Unity: SetDirection:(13, -99, 0)
2026-01-25 20:39:19,499 [ 1] INFO  Unity: SetDirection:(30, -95, 0)
2026-01-25 20:39:20,313 [ 1] INFO  Unity: SetDirection:(48, -88, 0)
2026-01-25 20:39:20,433 [ 1] INFO  Unity: SetDirection:(65, -76, 0)
2026-01-25 20:39:20,531 [ 1] INFO  Unity: SetDirection:(79, -61, 0)
2026-01-25 20:39:20,619 [ 1] INFO  Unity: SetDirection:(89, -46, 0)
2026-01-25 20:39:20,717 [ 1] INFO  Unity: SetDirection:(96, -27, 0)
2026-01-25 20:39:20,805 [ 1] INFO  Unity: SetDirection:(100, -10, 0)
2026-01-25 20:39:20,884 [ 1] INFO  Unity: SetDirection:(100, 8, 0)
2026-01-25 20:39:20,983 [ 1] INFO  Unity: SetDirection:(96, 28, 0)
2026-01-25 20:39:21,033 [ 1] INFO  Unity: Stop
2026-01-25 20:39:21,067 [ 1] INFO  Unity: SetDirection:(90, 44, 0)
2026-01-25 20:39:21,147 [ 1] INFO  Unity: SetDirection:(81, 59, 0)
2026-01-25 20:39:21,236 [ 1] INFO  Unity: SetDirection:(69, 72, 0)
2026-01-25 20:39:21,318 [ 1] INFO  Unity: SetDirection:(55, 83, 0)
2026-01-25 20:39:21,417 [ 1] INFO  Unity: SetDirection:(37, 93, 0)
2026-01-25 20:39:21,506 [ 1] INFO  Unity: SetDirection:(20, 98, 0)
2026-01-25 20:39:21,604 [ 1] INFO  Unity: SetDirection:(-1, 100, 0)
2026-01-25 20:39:21,701 [ 1] INFO  Unity: SetDirection:(-21, 98, 0)
2026-01-25 20:39:21,787 [ 1] INFO  Unity: SetDirection:(-38, 92, 0)
2026-01-25 20:39:21,799 [ 1] INFO  Unity: MoveForward
2026-01-25 20:39:21,888 [ 1] INFO  Unity: SetDirection:(-56, 83, 0)
2026-01-25 20:39:21,970 [ 1] INFO  Unity: SetDirection:(-70, 72, 0)
2026-01-25 20:39:22,050 [ 1] INFO  Unity: SetDirection:(-81, 58, 0)
2026-01-25 20:39:22,157 [ 1] INFO  Unity: SetDirection:(-92, 40, 0)
2026-01-25 20:39:22,265 [ 1] INFO  Unity: SetDirection:(-98, 22, 0)
2026-01-25 20:39:23,122 [ 1] INFO  Unity: SetDirection:(-91, 41, 0)
2026-01-25 20:39:23,220 [ 1] INFO  Unity: SetDirection:(-81, 59, 0)
2026-01-25 20:39:23,307 [ 1] INFO  Unity: SetDirection:(-69, 72, 0)
2026-01-25 20:39:23,408 [ 1] INFO  Unity: SetDirection:(-53, 85, 0)
2026-01-25 20:39:23,503 [ 1] INFO  Unity: SetDirection:(-36, 93, 0)
2026-01-25 20:39:23,672 [ 1] INFO  Unity: SetDirection:(-19, 98, 0)
2026-01-25 20:39:24,190 [ 1] INFO  Unity: SetDirection:(-1, 100, 0)
2026-01-25 20:39:24,303 [ 1] INFO  Unity: SetDirection:(17, 98, 0)
2026-01-25 20:39:24,673 [ 1] INFO  Unity: SetDirection:(-3, 100, 0)
2026-01-25 20:39:24,776 [ 1] INFO  Unity: SetDirection:(-24, 97, 0)
2026-01-25 20:39:24,879 [ 1] INFO  Unity: SetDirection:(-43, 90, 0)
2026-01-25 20:39:24,954 [ 1] INFO  Unity: SetDirection:(-58, 81, 0)
2026-01-25 20:39:25,037 [ 1] INFO  Unity: SetDirection:(-71, 70, 0)
2026-01-25 20:39:25,121 [ 1] INFO  Unity: SetDirection:(-83, 56, 0)
2026-01-25 20:39:25,225 [ 1] INFO  Unity: SetDirection:(-92, 38, 0)
2026-01-25 20:39:25,311 [ 1] INFO  Unity: SetDirection:(-98, 21, 0)
2026-01-25 20:39:25,412 [ 1] INFO  Unity: SetDirection:(-100, 1, 0)
2026-01-25 20:39:25,495 [ 1] INFO  Unity: SetDirection:(-99, -17, 0)
2026-01-25 20:39:25,596 [ 1] INFO  Unity: SetDirection:(-93, -37, 0)
2026-01-25 20:39:25,693 [ 1] INFO  Unity: SetDirection:(-83, -55, 0)
2026-01-25 20:39:25,775 [ 1] INFO  Unity: SetDirection:(-72, -69, 0)
2026-01-25 20:39:25,881 [ 1] INFO  Unity: SetDirection:(-56, -83, 0)
2026-01-25 20:39:25,982 [ 1] INFO  Unity: SetDirection:(-38, -92, 0)
2026-01-25 20:39:26,059 [ 1] INFO  Unity: SetDirection:(-21, -98, 0)
2026-01-25 20:39:26,156 [ 1] INFO  Unity: SetDirection:(-1, -100, 0)
2026-01-25 20:39:26,248 [ 1] INFO  Unity: SetDirection:(17, -99, 0)
2026-01-25 20:39:26,344 [ 1] INFO  Unity: SetDirection:(37, -93, 0)
2026-01-25 20:39:26,445 [ 1] INFO  Unity: SetDirection:(55, -83, 0)
2026-01-25 20:39:26,525 [ 1] INFO  Unity: SetDirection:(69, -72, 0)
2026-01-25 20:39:26,628 [ 1] INFO  Unity: SetDirection:(83, -56, 0)
2026-01-25 20:39:26,728 [ 1] INFO  Unity: SetDirection:(92, -38, 0)
2026-01-25 20:39:26,810 [ 1] INFO  Unity: SetDirection:(98, -21, 0)
2026-01-25 20:39:26,923 [ 1] INFO  Unity: SetDirection:(100, -2, 0)
2026-01-25 20:39:27,349 [ 1] INFO  Unity: SetDirection:(98, -22, 0)
2026-01-25 20:39:27,445 [ 1] INFO  Unity: SetDirection:(91, -42, 0)
2026-01-25 20:39:27,548 [ 1] INFO  Unity: SetDirection:(80, -60, 0)
2026-01-25 20:39:27,647 [ 1] INFO  Unity: SetDirection:(66, -75, 0)
2026-01-25 20:39:27,754 [ 1] INFO  Unity: SetDirection:(49, -87, 0)
2026-01-25 20:39:27,850 [ 1] INFO  Unity: SetDirection:(30, -95, 0)
2026-01-25 20:39:27,928 [ 1] INFO  Unity: SetDirection:(13, -99, 0)
2026-01-25 20:39:28,016 [ 1] INFO  Unity: SetDirection:(-4, -100, 0)
2026-01-25 20:39:28,097 [ 1] INFO  Unity: SetDirection:(-22, -98, 0)
2026-01-25 20:39:28,198 [ 1] INFO  Unity: SetDirection:(-42, -91, 0)
2026-01-25 20:39:28,297 [ 1] INFO  Unity: SetDirection:(-60, -80, 0)
2026-01-25 20:39:28,402 [ 1] INFO  Unity: SetDirection:(-75, -66, 0)
2026-01-25 20:39:28,497 [ 1] INFO  Unity: SetDirection:(-87, -49, 0)
2026-01-25 20:39:28,595 [ 1] INFO  Unity: SetDirection:(-95, -30, 0)
2026-01-25 20:39:28,685 [ 1] INFO  Unity: SetDirection:(-99, -13, 0)
2026-01-25 20:39:28,762 [ 1] INFO  Unity: SetDirection:(-100, 4, 0)
2026-01-25 20:39:28,846 [ 1] INFO  Unity: SetDirection:(-98, 22, 0)
2026-01-25 20:39:28,950 [ 1] INFO  Unity: SetDirection:(-91, 42, 0)
2026-01-25 20:39:29,047 [ 1] INFO  Unity: SetDirection:(-80, 60, 0)
2026-01-25 20:39:29,152 [ 1] INFO  Unity: SetDirection:(-66, 75, 0)
2026-01-25 20:39:29,247 [ 1] INFO  Unity: SetDirection:(-49, 87, 0)
2026-01-25 20:39:29,351 [ 1] INFO  Unity: SetDirection:(-30, 95, 0)
2026-01-25 20:39:29,430 [ 1] INFO  Unity: SetDirection:(-13, 99, 0)
2026-01-25 20:39:29,531 [ 1] INFO  Unity: SetDirection:(6, 100, 0)
2026-01-25 20:39:29,720 [ 1] INFO  Unity: SetDirection:(24, 97, 0)
2026-01-25 20:39:30,137 [ 1] INFO  Unity: SetDirection:(5, 100, 0)
2026-01-25 20:39:30,234 [ 1] INFO  Unity: SetDirection:(-14, 99, 0)
2026-01-25 20:39:30,317 [ 1] INFO  Unity: SetDirection:(-31, 95, 0)
2026-01-25 20:39:30,403 [ 1] INFO  Unity: Stop
2026-01-25 20:39:30,404 [ 1] INFO  Unity: SetDirection:(-47, 88, 0)
2026-01-25 20:39:30,516 [ 1] INFO  Unity: SetDirection:(-63, 78, 0)
2026-01-25 20:39:30,740 [ 1] INFO  Unity: SetDirection:(-76, 65, 0)
2026-01-25 20:39:31,073 [ 1] INFO  Unity: SetDirection:(-87, 50, 0)
2026-01-25 20:39:31,238 [ 1] INFO  Unity: SetDirection:(-94, 33, 0)
2026-01-25 20:39:31,340 [ 1] INFO  Unity: SetDirection:(-99, 14, 0)
2026-01-25 20:39:31,436 [ 1] INFO  Unity: SetDirection:(-100, -7, 0)
2026-01-25 20:39:31,541 [ 1] INFO  Unity: SetDirection:(-96, -27, 0)
2026-01-25 20:39:31,672 [ 1] INFO  Unity: SetDirection:(-90, -44, 0)
2026-01-25 20:39:33,552 [ 1] INFO  Unity: OnDestroy NetworkManager.
2026-01-25 20:39:33,553 [ 1] WARN  Unity: CloseConnection(), errorCode: 1007
UnityEngine.Debug:LogWarning(Object)
Network.NetClient:CloseConnection(Int32) (at Assets/Scripts/Network/NetClient.cs:180)
Network.NetClient:OnDestroy() (at Assets/Scripts/Network/NetClient.cs:175)

2026-01-25 20:39:33,553 [ 1] INFO  Unity: Character_2_是是哈 OnDestroy :ID:0 POS:(2998, 3286, 810) DIR:(-90, -44, 0) SPD:0 
2026-01-25 20:39:33,556 [ 1] INFO  Unity: Character_13_111 OnDestroy :ID:0 POS:(5000, 4000, 820) DIR:(100, 0, 0) SPD:0 
